mode: set
github.com/chris-pikul/kismet-zero/lang/evolution/contact.go:35.39,36.33 1 1
github.com/chris-pikul/kismet-zero/lang/evolution/contact.go:36.33,38.3 1 0
github.com/chris-pikul/kismet-zero/lang/evolution/contact.go:39.2,39.28 1 1
github.com/chris-pikul/kismet-zero/lang/evolution/contact.go:62.41,63.36 1 1
github.com/chris-pikul/kismet-zero/lang/evolution/contact.go:63.36,65.3 1 0
github.com/chris-pikul/kismet-zero/lang/evolution/contact.go:66.2,66.30 1 1
github.com/chris-pikul/kismet-zero/lang/evolution/contact.go:76.80,83.2 2 1
github.com/chris-pikul/kismet-zero/lang/evolution/contact.go:93.38,109.48 3 1
github.com/chris-pikul/kismet-zero/lang/evolution/contact.go:109.48,111.30 1 1
github.com/chris-pikul/kismet-zero/lang/evolution/contact.go:111.30,115.4 3 1
github.com/chris-pikul/kismet-zero/lang/evolution/contact.go:118.3,118.49 1 1
github.com/chris-pikul/kismet-zero/lang/evolution/contact.go:118.49,122.4 3 0
github.com/chris-pikul/kismet-zero/lang/evolution/contact.go:125.3,125.49 1 1
github.com/chris-pikul/kismet-zero/lang/evolution/contact.go:125.49,129.4 3 0
github.com/chris-pikul/kismet-zero/lang/evolution/contact.go:132.3,132.50 1 1
github.com/chris-pikul/kismet-zero/lang/evolution/contact.go:132.50,136.4 3 0
github.com/chris-pikul/kismet-zero/lang/evolution/contact.go:139.2,139.30 1 1
github.com/chris-pikul/kismet-zero/lang/evolution/contact.go:148.22,155.32 3 1
github.com/chris-pikul/kismet-zero/lang/evolution/contact.go:155.32,156.30 1 1
github.com/chris-pikul/kismet-zero/lang/evolution/contact.go:156.30,170.4 2 1
github.com/chris-pikul/kismet-zero/lang/evolution/contact.go:173.2,173.16 1 1
github.com/chris-pikul/kismet-zero/lang/evolution/contact.go:181.22,186.35 2 0
github.com/chris-pikul/kismet-zero/lang/evolution/contact.go:186.35,200.3 2 0
github.com/chris-pikul/kismet-zero/lang/evolution/contact.go:202.2,202.16 1 0
github.com/chris-pikul/kismet-zero/lang/evolution/contact.go:210.22,215.39 2 0
github.com/chris-pikul/kismet-zero/lang/evolution/contact.go:215.39,229.3 2 0
github.com/chris-pikul/kismet-zero/lang/evolution/contact.go:231.2,231.16 1 0
github.com/chris-pikul/kismet-zero/lang/evolution/contact.go:240.11,245.21 2 1
github.com/chris-pikul/kismet-zero/lang/evolution/contact.go:246.27,247.22 1 0
github.com/chris-pikul/kismet-zero/lang/evolution/contact.go:248.28,249.22 1 0
github.com/chris-pikul/kismet-zero/lang/evolution/contact.go:250.24,251.22 1 1
github.com/chris-pikul/kismet-zero/lang/evolution/contact.go:252.27,253.22 1 0
github.com/chris-pikul/kismet-zero/lang/evolution/contact.go:254.28,255.22 1 0
github.com/chris-pikul/kismet-zero/lang/evolution/contact.go:256.30,257.22 1 0
github.com/chris-pikul/kismet-zero/lang/evolution/contact.go:261.2,262.26 2 1
github.com/chris-pikul/kismet-zero/lang/evolution/contact.go:262.26,264.3 1 1
github.com/chris-pikul/kismet-zero/lang/evolution/contact.go:267.2,269.84 2 1
github.com/chris-pikul/kismet-zero/lang/evolution/contact.go:278.22,283.39 2 0
github.com/chris-pikul/kismet-zero/lang/evolution/contact.go:283.39,297.3 2 0
github.com/chris-pikul/kismet-zero/lang/evolution/contact.go:299.2,299.16 1 0
github.com/chris-pikul/kismet-zero/lang/evolution/cultural_influence.go:43.48,44.38 1 1
github.com/chris-pikul/kismet-zero/lang/evolution/cultural_influence.go:44.38,46.3 1 1
github.com/chris-pikul/kismet-zero/lang/evolution/cultural_influence.go:47.2,47.37 1 1
github.com/chris-pikul/kismet-zero/lang/evolution/cultural_influence.go:127.82,134.2 2 1
github.com/chris-pikul/kismet-zero/lang/evolution/cultural_influence.go:144.48,172.53 6 1
github.com/chris-pikul/kismet-zero/lang/evolution/cultural_influence.go:172.53,174.81 1 1
github.com/chris-pikul/kismet-zero/lang/evolution/cultural_influence.go:174.81,178.4 3 0
github.com/chris-pikul/kismet-zero/lang/evolution/cultural_influence.go:181.3,181.77 1 1
github.com/chris-pikul/kismet-zero/lang/evolution/cultural_influence.go:181.77,185.4 3 1
github.com/chris-pikul/kismet-zero/lang/evolution/cultural_influence.go:188.3,188.82 1 1
github.com/chris-pikul/kismet-zero/lang/evolution/cultural_influence.go:188.82,192.4 3 0
github.com/chris-pikul/kismet-zero/lang/evolution/cultural_influence.go:195.3,195.81 1 1
github.com/chris-pikul/kismet-zero/lang/evolution/cultural_influence.go:195.81,199.4 3 0
github.com/chris-pikul/kismet-zero/lang/evolution/cultural_influence.go:202.3,202.85 1 1
github.com/chris-pikul/kismet-zero/lang/evolution/cultural_influence.go:202.85,204.4 1 1
github.com/chris-pikul/kismet-zero/lang/evolution/cultural_influence.go:206.3,206.89 1 1
github.com/chris-pikul/kismet-zero/lang/evolution/cultural_influence.go:206.89,208.4 1 1
github.com/chris-pikul/kismet-zero/lang/evolution/cultural_influence.go:210.3,210.48 1 1
github.com/chris-pikul/kismet-zero/lang/evolution/cultural_influence.go:210.48,212.4 1 1
github.com/chris-pikul/kismet-zero/lang/evolution/cultural_influence.go:216.2,222.32 6 1
github.com/chris-pikul/kismet-zero/lang/evolution/cultural_influence.go:231.25,269.2 11 1
github.com/chris-pikul/kismet-zero/lang/evolution/cultural_influence.go:276.11,280.21 2 1
github.com/chris-pikul/kismet-zero/lang/evolution/cultural_influence.go:281.35,282.22 1 1
github.com/chris-pikul/kismet-zero/lang/evolution/cultural_influence.go:283.39,284.22 1 1
github.com/chris-pikul/kismet-zero/lang/evolution/cultural_influence.go:285.36,286.22 1 1
github.com/chris-pikul/kismet-zero/lang/evolution/cultural_influence.go:287.32,288.22 1 1
github.com/chris-pikul/kismet-zero/lang/evolution/cultural_influence.go:289.36,290.22 1 1
github.com/chris-pikul/kismet-zero/lang/evolution/cultural_influence.go:291.35,292.22 1 1
github.com/chris-pikul/kismet-zero/lang/evolution/cultural_influence.go:293.37,294.22 1 1
github.com/chris-pikul/kismet-zero/lang/evolution/cultural_influence.go:295.43,296.22 1 1
github.com/chris-pikul/kismet-zero/lang/evolution/cultural_influence.go:297.34,298.22 1 1
github.com/chris-pikul/kismet-zero/lang/evolution/cultural_influence.go:299.34,300.22 1 1
github.com/chris-pikul/kismet-zero/lang/evolution/cultural_influence.go:301.10,302.22 1 0
github.com/chris-pikul/kismet-zero/lang/evolution/cultural_influence.go:306.2,307.26 2 1
github.com/chris-pikul/kismet-zero/lang/evolution/cultural_influence.go:307.26,309.3 1 0
github.com/chris-pikul/kismet-zero/lang/evolution/cultural_influence.go:312.2,317.26 3 1
github.com/chris-pikul/kismet-zero/lang/evolution/cultural_influence.go:317.26,319.3 1 0
github.com/chris-pikul/kismet-zero/lang/evolution/cultural_influence.go:321.2,321.23 1 1
github.com/chris-pikul/kismet-zero/lang/evolution/cultural_influence.go:330.11,335.48 2 1
github.com/chris-pikul/kismet-zero/lang/evolution/cultural_influence.go:335.48,337.3 1 1
github.com/chris-pikul/kismet-zero/lang/evolution/cultural_influence.go:340.2,340.45 1 1
github.com/chris-pikul/kismet-zero/lang/evolution/cultural_influence.go:340.45,342.3 1 1
github.com/chris-pikul/kismet-zero/lang/evolution/cultural_influence.go:345.2,345.47 1 1
github.com/chris-pikul/kismet-zero/lang/evolution/cultural_influence.go:345.47,347.3 1 0
github.com/chris-pikul/kismet-zero/lang/evolution/cultural_influence.go:350.2,350.39 1 1
github.com/chris-pikul/kismet-zero/lang/evolution/cultural_influence.go:350.39,352.3 1 1
github.com/chris-pikul/kismet-zero/lang/evolution/cultural_influence.go:352.8,352.45 1 1
github.com/chris-pikul/kismet-zero/lang/evolution/cultural_influence.go:352.45,354.3 1 1
github.com/chris-pikul/kismet-zero/lang/evolution/cultural_influence.go:357.2,357.41 1 1
github.com/chris-pikul/kismet-zero/lang/evolution/cultural_influence.go:357.41,359.3 1 1
github.com/chris-pikul/kismet-zero/lang/evolution/cultural_influence.go:362.2,362.48 1 1
github.com/chris-pikul/kismet-zero/lang/evolution/cultural_influence.go:362.48,364.3 1 1
github.com/chris-pikul/kismet-zero/lang/evolution/cultural_influence.go:366.2,366.29 1 1
github.com/chris-pikul/kismet-zero/lang/evolution/cultural_influence.go:366.29,368.3 1 1
github.com/chris-pikul/kismet-zero/lang/evolution/cultural_influence.go:370.2,370.26 1 1
github.com/chris-pikul/kismet-zero/lang/evolution/cultural_influence.go:374.158,377.2 1 1
github.com/chris-pikul/kismet-zero/lang/evolution/cultural_influence.go:379.154,382.2 1 1
github.com/chris-pikul/kismet-zero/lang/evolution/cultural_influence.go:384.159,387.2 1 1
github.com/chris-pikul/kismet-zero/lang/evolution/cultural_influence.go:389.158,392.2 1 1
github.com/chris-pikul/kismet-zero/lang/evolution/cultural_influence.go:395.29,396.11 1 1
github.com/chris-pikul/kismet-zero/lang/evolution/cultural_influence.go:396.11,398.3 1 1
github.com/chris-pikul/kismet-zero/lang/evolution/cultural_influence.go:399.2,399.10 1 1
github.com/chris-pikul/kismet-zero/lang/evolution/cultural_influence.go:409.22,416.39 3 0
github.com/chris-pikul/kismet-zero/lang/evolution/cultural_influence.go:416.39,431.3 2 0
github.com/chris-pikul/kismet-zero/lang/evolution/cultural_influence.go:434.2,434.21 1 0
github.com/chris-pikul/kismet-zero/lang/evolution/cultural_influence.go:435.68,436.40 1 0
github.com/chris-pikul/kismet-zero/lang/evolution/cultural_influence.go:436.40,451.4 2 0
github.com/chris-pikul/kismet-zero/lang/evolution/cultural_influence.go:454.2,454.16 1 0
github.com/chris-pikul/kismet-zero/lang/evolution/cultural_influence.go:463.22,469.21 3 1
github.com/chris-pikul/kismet-zero/lang/evolution/cultural_influence.go:470.68,471.38 1 1
github.com/chris-pikul/kismet-zero/lang/evolution/cultural_influence.go:472.62,473.38 1 1
github.com/chris-pikul/kismet-zero/lang/evolution/cultural_influence.go:474.62,475.38 1 1
github.com/chris-pikul/kismet-zero/lang/evolution/cultural_influence.go:476.10,477.38 1 0
github.com/chris-pikul/kismet-zero/lang/evolution/cultural_influence.go:481.2,485.41 3 1
github.com/chris-pikul/kismet-zero/lang/evolution/cultural_influence.go:485.41,486.30 1 1
github.com/chris-pikul/kismet-zero/lang/evolution/cultural_influence.go:486.30,490.23 2 1
github.com/chris-pikul/kismet-zero/lang/evolution/cultural_influence.go:491.34,492.38 1 1
github.com/chris-pikul/kismet-zero/lang/evolution/cultural_influence.go:493.38,494.42 1 1
github.com/chris-pikul/kismet-zero/lang/evolution/cultural_influence.go:495.36,496.35 1 0
github.com/chris-pikul/kismet-zero/lang/evolution/cultural_influence.go:497.36,498.39 1 1
github.com/chris-pikul/kismet-zero/lang/evolution/cultural_influence.go:499.37,500.36 1 1
github.com/chris-pikul/kismet-zero/lang/evolution/cultural_influence.go:501.12,502.40 1 0
github.com/chris-pikul/kismet-zero/lang/evolution/cultural_influence.go:505.4,517.37 2 1
github.com/chris-pikul/kismet-zero/lang/evolution/cultural_influence.go:521.2,521.16 1 1
github.com/chris-pikul/kismet-zero/lang/evolution/cultural_influence.go:529.22,534.46 2 0
github.com/chris-pikul/kismet-zero/lang/evolution/cultural_influence.go:534.46,536.3 1 0
github.com/chris-pikul/kismet-zero/lang/evolution/cultural_influence.go:539.2,541.39 2 0
github.com/chris-pikul/kismet-zero/lang/evolution/cultural_influence.go:541.39,556.3 2 0
github.com/chris-pikul/kismet-zero/lang/evolution/cultural_influence.go:559.2,559.65 1 0
github.com/chris-pikul/kismet-zero/lang/evolution/cultural_influence.go:559.65,560.30 1 0
github.com/chris-pikul/kismet-zero/lang/evolution/cultural_influence.go:560.30,575.4 2 0
github.com/chris-pikul/kismet-zero/lang/evolution/cultural_influence.go:578.2,578.16 1 0
github.com/chris-pikul/kismet-zero/lang/evolution/cultural_influence.go:586.22,591.65 2 0
github.com/chris-pikul/kismet-zero/lang/evolution/cultural_influence.go:591.65,593.3 1 0
github.com/chris-pikul/kismet-zero/lang/evolution/cultural_influence.go:596.2,598.39 2 0
github.com/chris-pikul/kismet-zero/lang/evolution/cultural_influence.go:598.39,613.3 2 0
github.com/chris-pikul/kismet-zero/lang/evolution/cultural_influence.go:616.2,616.65 1 0
github.com/chris-pikul/kismet-zero/lang/evolution/cultural_influence.go:616.65,617.30 1 0
github.com/chris-pikul/kismet-zero/lang/evolution/cultural_influence.go:617.30,632.4 2 0
github.com/chris-pikul/kismet-zero/lang/evolution/cultural_influence.go:635.2,635.16 1 0
github.com/chris-pikul/kismet-zero/lang/evolution/cultural_influence.go:639.98,641.33 2 1
github.com/chris-pikul/kismet-zero/lang/evolution/cultural_influence.go:641.33,643.3 1 1
github.com/chris-pikul/kismet-zero/lang/evolution/cultural_influence.go:644.2,644.17 1 1
github.com/chris-pikul/kismet-zero/lang/evolution/cultural_influence.go:647.133,648.23 1 1
github.com/chris-pikul/kismet-zero/lang/evolution/cultural_influence.go:648.23,650.3 1 0
github.com/chris-pikul/kismet-zero/lang/evolution/cultural_influence.go:651.2,651.118 1 1
github.com/chris-pikul/kismet-zero/lang/evolution/cultural_influence.go:654.142,657.47 2 1
github.com/chris-pikul/kismet-zero/lang/evolution/cultural_influence.go:657.47,659.3 1 1
github.com/chris-pikul/kismet-zero/lang/evolution/cultural_influence.go:661.2,661.38 1 1
github.com/chris-pikul/kismet-zero/lang/evolution/cultural_influence.go:661.38,663.3 1 1
github.com/chris-pikul/kismet-zero/lang/evolution/cultural_influence.go:665.2,665.45 1 1
github.com/chris-pikul/kismet-zero/lang/evolution/cultural_influence.go:665.45,667.3 1 1
github.com/chris-pikul/kismet-zero/lang/evolution/cultural_influence.go:669.2,669.16 1 1
github.com/chris-pikul/kismet-zero/lang/evolution/cultural_influence.go:672.139,675.48 2 1
github.com/chris-pikul/kismet-zero/lang/evolution/cultural_influence.go:675.48,677.3 1 1
github.com/chris-pikul/kismet-zero/lang/evolution/cultural_influence.go:679.2,679.46 1 1
github.com/chris-pikul/kismet-zero/lang/evolution/cultural_influence.go:679.46,681.3 1 1
github.com/chris-pikul/kismet-zero/lang/evolution/cultural_influence.go:683.2,683.45 1 1
github.com/chris-pikul/kismet-zero/lang/evolution/cultural_influence.go:683.45,685.3 1 1
github.com/chris-pikul/kismet-zero/lang/evolution/cultural_influence.go:687.2,687.16 1 1
github.com/chris-pikul/kismet-zero/lang/evolution/cultural_influence.go:690.103,693.2 1 1
github.com/chris-pikul/kismet-zero/lang/evolution/evolution.go:25.66,38.2 2 1
github.com/chris-pikul/kismet-zero/lang/evolution/evolution.go:46.43,48.21 1 1
github.com/chris-pikul/kismet-zero/lang/evolution/evolution.go:48.21,50.3 1 1
github.com/chris-pikul/kismet-zero/lang/evolution/evolution.go:53.2,65.30 7 1
github.com/chris-pikul/kismet-zero/lang/evolution/evolution.go:65.30,67.3 1 1
github.com/chris-pikul/kismet-zero/lang/evolution/evolution.go:70.2,76.48 2 1
github.com/chris-pikul/kismet-zero/lang/evolution/evolution.go:76.48,90.3 2 0
github.com/chris-pikul/kismet-zero/lang/evolution/evolution.go:93.2,99.49 2 1
github.com/chris-pikul/kismet-zero/lang/evolution/evolution.go:99.49,113.3 2 1
github.com/chris-pikul/kismet-zero/lang/evolution/evolution.go:116.2,133.97 4 1
github.com/chris-pikul/kismet-zero/lang/evolution/evolution.go:133.97,135.17 2 1
github.com/chris-pikul/kismet-zero/lang/evolution/evolution.go:135.17,137.4 1 0
github.com/chris-pikul/kismet-zero/lang/evolution/evolution.go:141.2,142.16 2 1
github.com/chris-pikul/kismet-zero/lang/evolution/evolution.go:142.16,144.3 1 0
github.com/chris-pikul/kismet-zero/lang/evolution/evolution.go:146.2,146.41 1 1
github.com/chris-pikul/kismet-zero/lang/evolution/evolution.go:157.43,159.44 1 1
github.com/chris-pikul/kismet-zero/lang/evolution/evolution.go:159.44,161.3 1 0
github.com/chris-pikul/kismet-zero/lang/evolution/evolution.go:164.2,198.99 6 1
github.com/chris-pikul/kismet-zero/lang/evolution/evolution.go:198.99,200.17 2 1
github.com/chris-pikul/kismet-zero/lang/evolution/evolution.go:200.17,202.4 1 0
github.com/chris-pikul/kismet-zero/lang/evolution/evolution.go:205.2,205.99 1 1
github.com/chris-pikul/kismet-zero/lang/evolution/evolution.go:205.99,207.17 2 1
github.com/chris-pikul/kismet-zero/lang/evolution/evolution.go:207.17,209.4 1 0
github.com/chris-pikul/kismet-zero/lang/evolution/evolution.go:213.2,214.16 2 1
github.com/chris-pikul/kismet-zero/lang/evolution/evolution.go:214.16,216.3 1 0
github.com/chris-pikul/kismet-zero/lang/evolution/evolution.go:218.2,219.16 2 1
github.com/chris-pikul/kismet-zero/lang/evolution/evolution.go:219.16,221.3 1 0
github.com/chris-pikul/kismet-zero/lang/evolution/evolution.go:223.2,223.41 1 1
github.com/chris-pikul/kismet-zero/lang/evolution/evolution.go:233.43,235.23 1 1
github.com/chris-pikul/kismet-zero/lang/evolution/evolution.go:235.23,237.3 1 0
github.com/chris-pikul/kismet-zero/lang/evolution/evolution.go:240.2,248.33 5 1
github.com/chris-pikul/kismet-zero/lang/evolution/evolution.go:248.33,250.3 1 1
github.com/chris-pikul/kismet-zero/lang/evolution/evolution.go:251.2,251.35 1 1
github.com/chris-pikul/kismet-zero/lang/evolution/evolution.go:251.35,253.3 1 0
github.com/chris-pikul/kismet-zero/lang/evolution/evolution.go:254.2,254.34 1 1
github.com/chris-pikul/kismet-zero/lang/evolution/evolution.go:254.34,256.3 1 0
github.com/chris-pikul/kismet-zero/lang/evolution/evolution.go:257.2,257.31 1 1
github.com/chris-pikul/kismet-zero/lang/evolution/evolution.go:257.31,259.3 1 0
github.com/chris-pikul/kismet-zero/lang/evolution/evolution.go:262.2,263.16 2 1
github.com/chris-pikul/kismet-zero/lang/evolution/evolution.go:263.16,265.3 1 0
github.com/chris-pikul/kismet-zero/lang/evolution/evolution.go:268.2,272.16 3 1
github.com/chris-pikul/kismet-zero/lang/evolution/evolution.go:272.16,274.3 1 0
github.com/chris-pikul/kismet-zero/lang/evolution/evolution.go:277.2,279.39 2 1
github.com/chris-pikul/kismet-zero/lang/evolution/evolution.go:283.106,287.52 2 1
github.com/chris-pikul/kismet-zero/lang/evolution/evolution.go:287.52,300.3 2 1
github.com/chris-pikul/kismet-zero/lang/evolution/evolution.go:302.2,302.16 1 1
github.com/chris-pikul/kismet-zero/lang/evolution/evolution.go:306.82,312.2 3 1
github.com/chris-pikul/kismet-zero/lang/evolution/evolution.go:315.90,316.23 1 1
github.com/chris-pikul/kismet-zero/lang/evolution/evolution.go:316.23,318.3 1 1
github.com/chris-pikul/kismet-zero/lang/evolution/evolution.go:320.2,321.33 2 1
github.com/chris-pikul/kismet-zero/lang/evolution/evolution.go:321.33,323.3 1 1
github.com/chris-pikul/kismet-zero/lang/evolution/evolution.go:325.2,325.47 1 1
github.com/chris-pikul/kismet-zero/lang/evolution/evolution.go:329.64,331.2 1 1
github.com/chris-pikul/kismet-zero/lang/evolution/evolution.go:334.93,336.2 1 0
github.com/chris-pikul/kismet-zero/lang/evolution/evolution.go:339.89,341.2 1 0
github.com/chris-pikul/kismet-zero/lang/evolution/evolution.go:352.55,354.44 1 1
github.com/chris-pikul/kismet-zero/lang/evolution/evolution.go:354.44,356.3 1 0
github.com/chris-pikul/kismet-zero/lang/evolution/evolution.go:359.2,369.22 2 1
github.com/chris-pikul/kismet-zero/lang/evolution/evolution.go:369.22,388.17 3 1
github.com/chris-pikul/kismet-zero/lang/evolution/evolution.go:388.17,390.4 1 0
github.com/chris-pikul/kismet-zero/lang/evolution/evolution.go:393.2,393.28 1 1
github.com/chris-pikul/kismet-zero/lang/evolution/evolution.go:397.82,399.2 1 0
github.com/chris-pikul/kismet-zero/lang/evolution/familytree.go:18.72,23.2 1 1
github.com/chris-pikul/kismet-zero/lang/evolution/familytree.go:26.98,27.21 1 1
github.com/chris-pikul/kismet-zero/lang/evolution/familytree.go:27.21,29.3 1 0
github.com/chris-pikul/kismet-zero/lang/evolution/familytree.go:32.2,39.21 2 1
github.com/chris-pikul/kismet-zero/lang/evolution/familytree.go:39.21,41.3 1 1
github.com/chris-pikul/kismet-zero/lang/evolution/familytree.go:41.8,41.26 1 1
github.com/chris-pikul/kismet-zero/lang/evolution/familytree.go:41.26,44.14 2 1
github.com/chris-pikul/kismet-zero/lang/evolution/familytree.go:44.14,46.4 1 0
github.com/chris-pikul/kismet-zero/lang/evolution/familytree.go:49.3,51.35 3 1
github.com/chris-pikul/kismet-zero/lang/evolution/familytree.go:55.2,57.12 2 1
github.com/chris-pikul/kismet-zero/lang/evolution/familytree.go:61.89,64.2 2 1
github.com/chris-pikul/kismet-zero/lang/evolution/familytree.go:67.80,71.13 3 1
github.com/chris-pikul/kismet-zero/lang/evolution/familytree.go:71.13,73.3 1 0
github.com/chris-pikul/kismet-zero/lang/evolution/familytree.go:75.2,76.21 2 1
github.com/chris-pikul/kismet-zero/lang/evolution/familytree.go:76.21,79.3 2 1
github.com/chris-pikul/kismet-zero/lang/evolution/familytree.go:81.2,81.18 1 1
github.com/chris-pikul/kismet-zero/lang/evolution/familytree.go:85.82,89.13 3 1
github.com/chris-pikul/kismet-zero/lang/evolution/familytree.go:89.13,91.3 1 0
github.com/chris-pikul/kismet-zero/lang/evolution/familytree.go:94.2,96.20 2 1
github.com/chris-pikul/kismet-zero/lang/evolution/familytree.go:100.101,101.38 1 1
github.com/chris-pikul/kismet-zero/lang/evolution/familytree.go:101.38,104.3 2 1
github.com/chris-pikul/kismet-zero/lang/evolution/familytree.go:108.79,112.35 3 1
github.com/chris-pikul/kismet-zero/lang/evolution/familytree.go:112.35,114.3 1 0
github.com/chris-pikul/kismet-zero/lang/evolution/familytree.go:117.2,117.45 1 1
github.com/chris-pikul/kismet-zero/lang/evolution/familytree.go:117.45,118.20 1 1
github.com/chris-pikul/kismet-zero/lang/evolution/familytree.go:118.20,120.4 1 0
github.com/chris-pikul/kismet-zero/lang/evolution/familytree.go:123.2,123.17 1 1
github.com/chris-pikul/kismet-zero/lang/evolution/familytree.go:127.98,131.26 3 1
github.com/chris-pikul/kismet-zero/lang/evolution/familytree.go:131.26,133.3 1 0
github.com/chris-pikul/kismet-zero/lang/evolution/familytree.go:136.2,140.39 3 1
github.com/chris-pikul/kismet-zero/lang/evolution/familytree.go:140.39,141.40 1 1
github.com/chris-pikul/kismet-zero/lang/evolution/familytree.go:141.40,142.30 1 1
github.com/chris-pikul/kismet-zero/lang/evolution/familytree.go:142.30,144.5 1 1
github.com/chris-pikul/kismet-zero/lang/evolution/familytree.go:149.2,149.22 1 0
github.com/chris-pikul/kismet-zero/lang/evolution/familytree.go:153.100,155.16 2 0
github.com/chris-pikul/kismet-zero/lang/evolution/familytree.go:155.16,157.3 1 0
github.com/chris-pikul/kismet-zero/lang/evolution/familytree.go:162.2,168.61 4 0
github.com/chris-pikul/kismet-zero/lang/evolution/familytree.go:172.77,173.16 1 0
github.com/chris-pikul/kismet-zero/lang/evolution/familytree.go:173.16,175.3 1 0
github.com/chris-pikul/kismet-zero/lang/evolution/familytree.go:177.2,180.40 3 0
github.com/chris-pikul/kismet-zero/lang/evolution/familytree.go:180.40,183.3 2 0
github.com/chris-pikul/kismet-zero/lang/evolution/familytree.go:185.2,185.14 1 0
github.com/chris-pikul/kismet-zero/lang/evolution/familytree.go:189.97,191.13 2 1
github.com/chris-pikul/kismet-zero/lang/evolution/familytree.go:191.13,193.3 1 0
github.com/chris-pikul/kismet-zero/lang/evolution/familytree.go:195.2,196.12 2 1
github.com/chris-pikul/kismet-zero/lang/evolution/familytree.go:200.93,202.13 2 1
github.com/chris-pikul/kismet-zero/lang/evolution/familytree.go:202.13,204.3 1 0
github.com/chris-pikul/kismet-zero/lang/evolution/familytree.go:206.2,207.12 2 1
github.com/chris-pikul/kismet-zero/lang/evolution/familytree.go:211.97,213.13 2 1
github.com/chris-pikul/kismet-zero/lang/evolution/familytree.go:213.13,215.3 1 0
github.com/chris-pikul/kismet-zero/lang/evolution/familytree.go:217.2,217.28 1 1
github.com/chris-pikul/kismet-zero/lang/evolution/familytree.go:221.93,223.13 2 1
github.com/chris-pikul/kismet-zero/lang/evolution/familytree.go:223.13,225.3 1 0
github.com/chris-pikul/kismet-zero/lang/evolution/familytree.go:227.2,227.33 1 1
github.com/chris-pikul/kismet-zero/lang/evolution/familytree.go:231.57,232.21 1 0
github.com/chris-pikul/kismet-zero/lang/evolution/familytree.go:232.21,234.3 1 0
github.com/chris-pikul/kismet-zero/lang/evolution/familytree.go:236.2,236.35 1 0
github.com/chris-pikul/kismet-zero/lang/evolution/familytree.go:240.80,241.17 1 0
github.com/chris-pikul/kismet-zero/lang/evolution/familytree.go:241.17,243.3 1 0
github.com/chris-pikul/kismet-zero/lang/evolution/familytree.go:245.2,246.29 2 0
github.com/chris-pikul/kismet-zero/lang/evolution/familytree.go:246.29,248.3 1 0
github.com/chris-pikul/kismet-zero/lang/evolution/familytree.go:250.2,252.38 2 0
github.com/chris-pikul/kismet-zero/lang/evolution/familytree.go:252.38,254.3 1 0
github.com/chris-pikul/kismet-zero/lang/evolution/familytree.go:256.2,256.15 1 0
github.com/chris-pikul/kismet-zero/lang/evolution/morphology.go:34.52,35.42 1 1
github.com/chris-pikul/kismet-zero/lang/evolution/morphology.go:35.42,37.3 1 0
github.com/chris-pikul/kismet-zero/lang/evolution/morphology.go:38.2,38.41 1 1
github.com/chris-pikul/kismet-zero/lang/evolution/morphology.go:70.92,77.2 2 1
github.com/chris-pikul/kismet-zero/lang/evolution/morphology.go:85.25,89.57 2 1
github.com/chris-pikul/kismet-zero/lang/evolution/morphology.go:89.57,92.3 2 1
github.com/chris-pikul/kismet-zero/lang/evolution/morphology.go:95.2,95.61 1 1
github.com/chris-pikul/kismet-zero/lang/evolution/morphology.go:95.61,98.3 2 1
github.com/chris-pikul/kismet-zero/lang/evolution/morphology.go:101.2,101.61 1 1
github.com/chris-pikul/kismet-zero/lang/evolution/morphology.go:101.61,104.3 2 1
github.com/chris-pikul/kismet-zero/lang/evolution/morphology.go:106.2,106.16 1 1
github.com/chris-pikul/kismet-zero/lang/evolution/morphology.go:114.25,118.29 2 1
github.com/chris-pikul/kismet-zero/lang/evolution/morphology.go:118.29,132.3 2 0
github.com/chris-pikul/kismet-zero/lang/evolution/morphology.go:135.2,135.29 1 1
github.com/chris-pikul/kismet-zero/lang/evolution/morphology.go:135.29,149.3 2 0
github.com/chris-pikul/kismet-zero/lang/evolution/morphology.go:151.2,151.16 1 1
github.com/chris-pikul/kismet-zero/lang/evolution/morphology.go:159.25,163.29 2 1
github.com/chris-pikul/kismet-zero/lang/evolution/morphology.go:163.29,177.3 2 0
github.com/chris-pikul/kismet-zero/lang/evolution/morphology.go:179.2,179.16 1 1
github.com/chris-pikul/kismet-zero/lang/evolution/morphology.go:187.25,191.29 2 1
github.com/chris-pikul/kismet-zero/lang/evolution/morphology.go:191.29,205.3 2 0
github.com/chris-pikul/kismet-zero/lang/evolution/morphology.go:207.2,207.16 1 1
github.com/chris-pikul/kismet-zero/lang/evolution/morphology.go:214.11,218.25 2 0
github.com/chris-pikul/kismet-zero/lang/evolution/morphology.go:218.25,220.3 1 0
github.com/chris-pikul/kismet-zero/lang/evolution/morphology.go:223.2,223.20 1 0
github.com/chris-pikul/kismet-zero/lang/evolution/morphology.go:223.20,227.3 1 0
github.com/chris-pikul/kismet-zero/lang/evolution/morphology.go:230.2,230.22 1 0
github.com/chris-pikul/kismet-zero/lang/evolution/morphology.go:230.22,232.3 1 0
github.com/chris-pikul/kismet-zero/lang/evolution/morphology.go:234.2,234.28 1 0
github.com/chris-pikul/kismet-zero/lang/evolution/orthography.go:35.51,36.44 1 1
github.com/chris-pikul/kismet-zero/lang/evolution/orthography.go:36.44,38.3 1 1
github.com/chris-pikul/kismet-zero/lang/evolution/orthography.go:39.2,39.40 1 1
github.com/chris-pikul/kismet-zero/lang/evolution/orthography.go:75.90,82.2 2 1
github.com/chris-pikul/kismet-zero/lang/evolution/orthography.go:89.24,93.53 2 1
github.com/chris-pikul/kismet-zero/lang/evolution/orthography.go:93.53,96.3 2 0
github.com/chris-pikul/kismet-zero/lang/evolution/orthography.go:99.2,99.62 1 1
github.com/chris-pikul/kismet-zero/lang/evolution/orthography.go:99.62,102.3 2 1
github.com/chris-pikul/kismet-zero/lang/evolution/orthography.go:105.2,105.62 1 1
github.com/chris-pikul/kismet-zero/lang/evolution/orthography.go:105.62,108.3 2 0
github.com/chris-pikul/kismet-zero/lang/evolution/orthography.go:111.2,111.62 1 1
github.com/chris-pikul/kismet-zero/lang/evolution/orthography.go:111.62,114.3 2 0
github.com/chris-pikul/kismet-zero/lang/evolution/orthography.go:116.2,116.16 1 1
github.com/chris-pikul/kismet-zero/lang/evolution/orthography.go:123.24,127.29 2 0
github.com/chris-pikul/kismet-zero/lang/evolution/orthography.go:127.29,142.3 2 0
github.com/chris-pikul/kismet-zero/lang/evolution/orthography.go:145.2,145.29 1 0
github.com/chris-pikul/kismet-zero/lang/evolution/orthography.go:145.29,160.3 2 0
github.com/chris-pikul/kismet-zero/lang/evolution/orthography.go:162.2,162.16 1 0
github.com/chris-pikul/kismet-zero/lang/evolution/orthography.go:169.24,173.29 2 1
github.com/chris-pikul/kismet-zero/lang/evolution/orthography.go:173.29,187.3 2 0
github.com/chris-pikul/kismet-zero/lang/evolution/orthography.go:190.2,190.29 1 1
github.com/chris-pikul/kismet-zero/lang/evolution/orthography.go:190.29,204.3 2 1
github.com/chris-pikul/kismet-zero/lang/evolution/orthography.go:206.2,206.16 1 1
github.com/chris-pikul/kismet-zero/lang/evolution/orthography.go:213.24,217.29 2 0
github.com/chris-pikul/kismet-zero/lang/evolution/orthography.go:217.29,231.3 2 0
github.com/chris-pikul/kismet-zero/lang/evolution/orthography.go:234.2,234.29 1 0
github.com/chris-pikul/kismet-zero/lang/evolution/orthography.go:234.29,248.3 2 0
github.com/chris-pikul/kismet-zero/lang/evolution/orthography.go:250.2,250.16 1 0
github.com/chris-pikul/kismet-zero/lang/evolution/orthography.go:257.24,261.29 2 0
github.com/chris-pikul/kismet-zero/lang/evolution/orthography.go:261.29,275.3 2 0
github.com/chris-pikul/kismet-zero/lang/evolution/orthography.go:278.2,278.29 1 0
github.com/chris-pikul/kismet-zero/lang/evolution/orthography.go:278.29,292.3 2 0
github.com/chris-pikul/kismet-zero/lang/evolution/orthography.go:294.2,294.16 1 0
github.com/chris-pikul/kismet-zero/lang/evolution/orthography.go:303.24,307.23 2 1
github.com/chris-pikul/kismet-zero/lang/evolution/orthography.go:308.19,309.36 1 1
github.com/chris-pikul/kismet-zero/lang/evolution/orthography.go:309.36,324.4 2 1
github.com/chris-pikul/kismet-zero/lang/evolution/orthography.go:326.18,327.40 1 1
github.com/chris-pikul/kismet-zero/lang/evolution/orthography.go:327.40,342.4 2 0
github.com/chris-pikul/kismet-zero/lang/evolution/orthography.go:344.15,345.40 1 1
github.com/chris-pikul/kismet-zero/lang/evolution/orthography.go:345.40,360.4 2 0
github.com/chris-pikul/kismet-zero/lang/evolution/orthography.go:363.2,363.16 1 1
github.com/chris-pikul/kismet-zero/lang/evolution/orthography.go:371.24,374.50 2 1
github.com/chris-pikul/kismet-zero/lang/evolution/orthography.go:374.50,375.47 1 1
github.com/chris-pikul/kismet-zero/lang/evolution/orthography.go:375.47,390.4 2 1
github.com/chris-pikul/kismet-zero/lang/evolution/orthography.go:393.2,393.16 1 1
github.com/chris-pikul/kismet-zero/lang/evolution/orthography.go:399.11,403.26 2 1
github.com/chris-pikul/kismet-zero/lang/evolution/orthography.go:403.26,408.50 3 1
github.com/chris-pikul/kismet-zero/lang/evolution/orthography.go:408.50,409.34 1 1
github.com/chris-pikul/kismet-zero/lang/evolution/orthography.go:409.34,411.5 1 1
github.com/chris-pikul/kismet-zero/lang/evolution/orthography.go:413.3,416.30 2 1
github.com/chris-pikul/kismet-zero/lang/evolution/orthography.go:417.44,418.21 1 0
github.com/chris-pikul/kismet-zero/lang/evolution/orthography.go:419.41,420.21 1 0
github.com/chris-pikul/kismet-zero/lang/evolution/orthography.go:421.43,422.21 1 1
github.com/chris-pikul/kismet-zero/lang/evolution/orthography.go:427.2,427.22 1 1
github.com/chris-pikul/kismet-zero/lang/evolution/orthography.go:427.22,429.3 1 0
github.com/chris-pikul/kismet-zero/lang/evolution/orthography.go:431.2,431.28 1 1
github.com/chris-pikul/kismet-zero/lang/evolution/orthography.go:439.22,446.20 4 1
github.com/chris-pikul/kismet-zero/lang/evolution/orthography.go:447.18,450.27 3 1
github.com/chris-pikul/kismet-zero/lang/evolution/orthography.go:451.19,454.26 3 1
github.com/chris-pikul/kismet-zero/lang/evolution/orthography.go:455.16,458.26 3 1
github.com/chris-pikul/kismet-zero/lang/evolution/orthography.go:459.10,462.26 3 1
github.com/chris-pikul/kismet-zero/lang/evolution/orthography.go:465.2,477.3 1 1
github.com/chris-pikul/kismet-zero/lang/evolution/soundchange.go:190.70,198.2 2 1
github.com/chris-pikul/kismet-zero/lang/evolution/soundchange.go:201.61,203.2 1 1
github.com/chris-pikul/kismet-zero/lang/evolution/soundchange.go:207.129,211.33 3 1
github.com/chris-pikul/kismet-zero/lang/evolution/soundchange.go:211.33,212.40 1 1
github.com/chris-pikul/kismet-zero/lang/evolution/soundchange.go:212.40,213.12 1 1
github.com/chris-pikul/kismet-zero/lang/evolution/soundchange.go:216.3,216.43 1 1
github.com/chris-pikul/kismet-zero/lang/evolution/soundchange.go:216.43,218.21 2 1
github.com/chris-pikul/kismet-zero/lang/evolution/soundchange.go:218.21,220.5 1 1
github.com/chris-pikul/kismet-zero/lang/evolution/soundchange.go:224.2,224.35 1 1
github.com/chris-pikul/kismet-zero/lang/evolution/soundchange.go:228.118,247.44 2 1
github.com/chris-pikul/kismet-zero/lang/evolution/soundchange.go:247.44,249.3 1 1
github.com/chris-pikul/kismet-zero/lang/evolution/soundchange.go:251.2,251.15 1 1
github.com/chris-pikul/kismet-zero/lang/evolution/soundchange.go:255.92,259.2 1 1
github.com/chris-pikul/kismet-zero/lang/evolution/soundchange.go:262.110,272.2 1 0
github.com/chris-pikul/kismet-zero/lang/evolution/types.go:33.38,34.28 1 1
github.com/chris-pikul/kismet-zero/lang/evolution/types.go:34.28,36.3 1 0
github.com/chris-pikul/kismet-zero/lang/evolution/types.go:37.2,37.27 1 1
github.com/chris-pikul/kismet-zero/lang/evolution/types.go:60.43,61.34 1 1
github.com/chris-pikul/kismet-zero/lang/evolution/types.go:61.34,63.3 1 0
github.com/chris-pikul/kismet-zero/lang/evolution/types.go:64.2,64.32 1 1
github.com/chris-pikul/kismet-zero/lang/evolution/types.go:164.57,178.2 1 1
github.com/chris-pikul/kismet-zero/lang/evolution/writingtree.go:50.82,55.2 1 1
github.com/chris-pikul/kismet-zero/lang/evolution/writingtree.go:63.9,64.26 1 1
github.com/chris-pikul/kismet-zero/lang/evolution/writingtree.go:64.26,66.3 1 0
github.com/chris-pikul/kismet-zero/lang/evolution/writingtree.go:69.2,77.22 2 1
github.com/chris-pikul/kismet-zero/lang/evolution/writingtree.go:77.22,80.3 2 1
github.com/chris-pikul/kismet-zero/lang/evolution/writingtree.go:80.8,80.26 1 1
github.com/chris-pikul/kismet-zero/lang/evolution/writingtree.go:80.26,83.14 2 1
github.com/chris-pikul/kismet-zero/lang/evolution/writingtree.go:83.14,85.4 1 1
github.com/chris-pikul/kismet-zero/lang/evolution/writingtree.go:88.3,90.35 3 1
github.com/chris-pikul/kismet-zero/lang/evolution/writingtree.go:94.2,96.12 2 1
github.com/chris-pikul/kismet-zero/lang/evolution/writingtree.go:100.99,103.2 2 1
github.com/chris-pikul/kismet-zero/lang/evolution/writingtree.go:106.85,110.13 3 1
github.com/chris-pikul/kismet-zero/lang/evolution/writingtree.go:110.13,112.3 1 0
github.com/chris-pikul/kismet-zero/lang/evolution/writingtree.go:114.2,115.21 2 1
github.com/chris-pikul/kismet-zero/lang/evolution/writingtree.go:115.21,118.3 2 1
github.com/chris-pikul/kismet-zero/lang/evolution/writingtree.go:120.2,120.18 1 1
github.com/chris-pikul/kismet-zero/lang/evolution/writingtree.go:124.87,128.13 3 1
github.com/chris-pikul/kismet-zero/lang/evolution/writingtree.go:128.13,130.3 1 0
github.com/chris-pikul/kismet-zero/lang/evolution/writingtree.go:133.2,135.20 2 1
github.com/chris-pikul/kismet-zero/lang/evolution/writingtree.go:139.117,140.17 1 1
github.com/chris-pikul/kismet-zero/lang/evolution/writingtree.go:140.17,142.3 1 0
github.com/chris-pikul/kismet-zero/lang/evolution/writingtree.go:144.2,144.38 1 1
github.com/chris-pikul/kismet-zero/lang/evolution/writingtree.go:144.38,147.3 2 1
github.com/chris-pikul/kismet-zero/lang/evolution/writingtree.go:151.84,155.35 3 1
github.com/chris-pikul/kismet-zero/lang/evolution/writingtree.go:155.35,157.3 1 1
github.com/chris-pikul/kismet-zero/lang/evolution/writingtree.go:160.2,160.45 1 1
github.com/chris-pikul/kismet-zero/lang/evolution/writingtree.go:160.45,161.20 1 1
github.com/chris-pikul/kismet-zero/lang/evolution/writingtree.go:161.20,163.4 1 1
github.com/chris-pikul/kismet-zero/lang/evolution/writingtree.go:166.2,166.17 1 1
github.com/chris-pikul/kismet-zero/lang/evolution/writingtree.go:170.105,174.26 3 1
github.com/chris-pikul/kismet-zero/lang/evolution/writingtree.go:174.26,176.3 1 1
github.com/chris-pikul/kismet-zero/lang/evolution/writingtree.go:179.2,183.39 3 1
github.com/chris-pikul/kismet-zero/lang/evolution/writingtree.go:183.39,184.40 1 1
github.com/chris-pikul/kismet-zero/lang/evolution/writingtree.go:184.40,185.30 1 1
github.com/chris-pikul/kismet-zero/lang/evolution/writingtree.go:185.30,187.5 1 1
github.com/chris-pikul/kismet-zero/lang/evolution/writingtree.go:192.2,192.23 1 1
github.com/chris-pikul/kismet-zero/lang/evolution/writingtree.go:196.101,198.16 2 1
github.com/chris-pikul/kismet-zero/lang/evolution/writingtree.go:198.16,200.3 1 0
github.com/chris-pikul/kismet-zero/lang/evolution/writingtree.go:204.2,211.61 4 1
github.com/chris-pikul/kismet-zero/lang/evolution/writingtree.go:215.88,216.30 1 1
github.com/chris-pikul/kismet-zero/lang/evolution/writingtree.go:216.30,218.3 1 0
github.com/chris-pikul/kismet-zero/lang/evolution/writingtree.go:220.2,223.40 3 1
github.com/chris-pikul/kismet-zero/lang/evolution/writingtree.go:223.40,226.3 2 1
github.com/chris-pikul/kismet-zero/lang/evolution/writingtree.go:228.2,228.14 1 1
github.com/chris-pikul/kismet-zero/lang/evolution/writingtree.go:232.102,234.13 2 1
github.com/chris-pikul/kismet-zero/lang/evolution/writingtree.go:234.13,236.3 1 0
github.com/chris-pikul/kismet-zero/lang/evolution/writingtree.go:238.2,239.12 2 1
github.com/chris-pikul/kismet-zero/lang/evolution/writingtree.go:243.97,245.13 2 1
github.com/chris-pikul/kismet-zero/lang/evolution/writingtree.go:245.13,247.3 1 0
github.com/chris-pikul/kismet-zero/lang/evolution/writingtree.go:249.2,250.12 2 1
github.com/chris-pikul/kismet-zero/lang/evolution/writingtree.go:254.101,256.13 2 1
github.com/chris-pikul/kismet-zero/lang/evolution/writingtree.go:256.13,258.3 1 0
github.com/chris-pikul/kismet-zero/lang/evolution/writingtree.go:260.2,260.35 1 1
github.com/chris-pikul/kismet-zero/lang/evolution/writingtree.go:264.97,266.13 2 1
github.com/chris-pikul/kismet-zero/lang/evolution/writingtree.go:266.13,268.3 1 0
github.com/chris-pikul/kismet-zero/lang/evolution/writingtree.go:270.2,270.35 1 1
github.com/chris-pikul/kismet-zero/lang/evolution/writingtree.go:274.63,275.22 1 1
github.com/chris-pikul/kismet-zero/lang/evolution/writingtree.go:275.22,277.3 1 1
github.com/chris-pikul/kismet-zero/lang/evolution/writingtree.go:279.2,279.37 1 1
github.com/chris-pikul/kismet-zero/lang/evolution/writingtree.go:283.91,284.17 1 1
github.com/chris-pikul/kismet-zero/lang/evolution/writingtree.go:284.17,286.3 1 0
github.com/chris-pikul/kismet-zero/lang/evolution/writingtree.go:288.2,289.29 2 1
github.com/chris-pikul/kismet-zero/lang/evolution/writingtree.go:289.29,291.3 1 1
github.com/chris-pikul/kismet-zero/lang/evolution/writingtree.go:293.2,295.38 2 1
github.com/chris-pikul/kismet-zero/lang/evolution/writingtree.go:295.38,297.3 1 1
github.com/chris-pikul/kismet-zero/lang/evolution/writingtree.go:299.2,299.15 1 1
github.com/chris-pikul/kismet-zero/lang/evolution/writingtree.go:303.109,307.26 3 1
github.com/chris-pikul/kismet-zero/lang/evolution/writingtree.go:307.26,309.3 1 0
github.com/chris-pikul/kismet-zero/lang/evolution/writingtree.go:312.2,313.16 2 1
github.com/chris-pikul/kismet-zero/lang/evolution/writingtree.go:313.16,315.3 1 0
github.com/chris-pikul/kismet-zero/lang/evolution/writingtree.go:318.2,325.26 5 1
github.com/chris-pikul/kismet-zero/lang/evolution/writingtree.go:325.26,327.3 1 0
github.com/chris-pikul/kismet-zero/lang/evolution/writingtree.go:330.2,334.27 4 1
github.com/chris-pikul/kismet-zero/lang/evolution/writingtree.go:334.27,336.3 1 1
github.com/chris-pikul/kismet-zero/lang/evolution/writingtree.go:338.2,338.38 1 1
github.com/chris-pikul/kismet-zero/lang/evolution/writingtree.go:342.95,347.50 3 1
github.com/chris-pikul/kismet-zero/lang/evolution/writingtree.go:347.50,349.3 1 1
github.com/chris-pikul/kismet-zero/lang/evolution/writingtree.go:351.2,351.50 1 1
github.com/chris-pikul/kismet-zero/lang/evolution/writingtree.go:351.50,352.29 1 1
github.com/chris-pikul/kismet-zero/lang/evolution/writingtree.go:352.29,354.4 1 1
github.com/chris-pikul/kismet-zero/lang/evolution/writingtree.go:358.2,358.60 1 1
github.com/chris-pikul/kismet-zero/lang/evolution/writingtree.go:358.60,360.3 1 1
github.com/chris-pikul/kismet-zero/lang/evolution/writingtree.go:362.2,362.15 1 1
github.com/chris-pikul/kismet-zero/lang/evolution/writingtree.go:372.39,373.19 1 1
github.com/chris-pikul/kismet-zero/lang/evolution/writingtree.go:373.19,375.3 1 0
github.com/chris-pikul/kismet-zero/lang/evolution/writingtree.go:378.2,387.50 2 1
github.com/chris-pikul/kismet-zero/lang/evolution/writingtree.go:387.50,391.3 2 1
github.com/chris-pikul/kismet-zero/lang/evolution/writingtree.go:394.2,398.16 3 1
github.com/chris-pikul/kismet-zero/lang/evolution/writingtree.go:398.16,400.3 1 0
github.com/chris-pikul/kismet-zero/lang/evolution/writingtree.go:403.2,403.22 1 1
github.com/chris-pikul/kismet-zero/lang/evolution/writingtree.go:403.22,404.34 1 0
github.com/chris-pikul/kismet-zero/lang/evolution/writingtree.go:404.34,406.18 2 0
github.com/chris-pikul/kismet-zero/lang/evolution/writingtree.go:406.18,408.5 1 0
github.com/chris-pikul/kismet-zero/lang/evolution/writingtree.go:412.2,412.32 1 1
github.com/chris-pikul/kismet-zero/lang/evolution/writingtree.go:420.24,427.35 3 1
github.com/chris-pikul/kismet-zero/lang/evolution/writingtree.go:427.35,429.3 1 1
github.com/chris-pikul/kismet-zero/lang/evolution/writingtree.go:432.2,432.28 1 1
github.com/chris-pikul/kismet-zero/lang/evolution/writingtree.go:432.28,434.25 1 0
github.com/chris-pikul/kismet-zero/lang/evolution/writingtree.go:435.12,436.25 1 0
github.com/chris-pikul/kismet-zero/lang/evolution/writingtree.go:437.12,438.25 1 0
github.com/chris-pikul/kismet-zero/lang/evolution/writingtree.go:439.12,440.25 1 0
github.com/chris-pikul/kismet-zero/lang/evolution/writingtree.go:441.12,442.25 1 0
github.com/chris-pikul/kismet-zero/lang/evolution/writingtree.go:443.12,444.25 1 0
github.com/chris-pikul/kismet-zero/lang/evolution/writingtree.go:449.2,449.28 1 1
github.com/chris-pikul/kismet-zero/lang/evolution/writingtree.go:449.28,452.27 3 0
github.com/chris-pikul/kismet-zero/lang/evolution/writingtree.go:452.27,454.4 1 0
github.com/chris-pikul/kismet-zero/lang/evolution/writingtree.go:455.3,455.27 1 0
github.com/chris-pikul/kismet-zero/lang/evolution/writingtree.go:455.27,457.4 1 0
github.com/chris-pikul/kismet-zero/lang/evolution/writingtree.go:460.2,460.16 1 1
github.com/chris-pikul/kismet-zero/lang/evolution/writingtree.go:464.67,466.2 1 1
github.com/chris-pikul/kismet-zero/lang/evolution/writingtree.go:469.66,471.2 1 1
github.com/chris-pikul/kismet-zero/lang/evolution/writingtree.go:474.71,476.31 2 1
github.com/chris-pikul/kismet-zero/lang/evolution/writingtree.go:476.31,478.3 1 1
github.com/chris-pikul/kismet-zero/lang/evolution/writingtree.go:479.2,479.14 1 1
